29-Jun-26 14:39:38 - root - ERROR - 点击系统管理出现错误Message: element click intercepted: Element <div class="el-submenu__title" style="padding-left: 20px; color: rgb(191, 203, 217); background-color: rgb(26, 31, 46);">...</div> is not clickable at point (100, 116). Other element would receive the click: <div class="el-dialog__wrapper" style="z-index: 2001;">...</div>
  (Session info: chrome=148.0.7778.97); For documentation on this error, please visit: https://www.selenium.dev/documentation/webdriver/troubleshooting/errors#elementclickinterceptedexception
Stacktrace:
	chromedriver!GetHandleVerifier [0x7ff76df37de5+14895]
	chromedriver!GetHandleVerifier [0x7ff76df37e50+14900]
	chromedriver!(No symbol) [0x7ff76dc9d5ad]
	chromedriver!(No symbol) [0x7ff76dcff3b5]
	chromedriver!(No symbol) [0x7ff76dcfcfca]
	chromedriver!(No symbol) [0x7ff76dcfa307]
	chromedriver!(No symbol) [0x7ff76dcf91b7]
	chromedriver!(No symbol) [0x7ff76dcebce6]
	chromedriver!(No symbol) [0x7ff76dd2005a]
	chromedriver!(No symbol) [0x7ff76dceb566]
	chromedriver!(No symbol) [0x7ff76dd4486f]
	chromedriver!(No symbol) [0x7ff76dce9df8]
	chromedriver!(No symbol) [0x7ff76dceace3]
	chromedriver!GetHandleVerifier [0x7ff76e24cc49+3296f9]
	chromedriver!GetHandleVerifier [0x7ff76e247375+323e25]
	chromedriver!GetHandleVerifier [0x7ff76e26bc82+348732]
	chromedriver!GetHandleVerifier [0x7ff76df56045+32af5]
	chromedriver!GetHandleVerifier [0x7ff76df5ecec+3b79c]
	chromedriver!GetHandleVerifier [0x7ff76df41bc4+1e674]
	chromedriver!GetHandleVerifier [0x7ff76df41d54+1e804]
	chromedriver!GetHandleVerifier [0x7ff76df260e7+2b97]
	KERNEL32!BaseThreadInitThunk [0x7ff9485be957+17]
	ntdll!RtlUserThreadStart [0x7ff9491a7c1c+2c]
,异常截图路径D:\RuoYIproject\screenshot\20260629143938.png
Traceback (most recent call last):
  File "D:\RuoYIproject\page\add_user.py", line 27, in enter_Systemm
    self.click_element(page.click_systemm)
    ~~~~~~~~~~~~~~~~~~^^^^^^^^^^^^^^^^^^^^
  File "D:\RuoYIproject\base\base.py", line 13, in click_element
    return self.wait.until(EC.visibility_of_element_located(locator)).click()
           ~~~~~~~~~~~~~~~~~~~~~~~~~~~~~~~~~~~~~~~~~~~~~~~~~~~~~~~~~~~~~~~~^^
  File "C:\Users\29325\AppData\Local\Programs\Python\Python313\Lib\site-packages\selenium\webdriver\remote\webelement.py", line 119, in click
    self._execute(Command.CLICK_ELEMENT)
    ~~~~~~~~~~~~~^^^^^^^^^^^^^^^^^^^^^^^
  File "C:\Users\29325\AppData\Local\Programs\Python\Python313\Lib\site-packages\selenium\webdriver\remote\webelement.py", line 572, in _execute
    return self._parent.execute(command, params)
           ~~~~~~~~~~~~~~~~~~~~^^^^^^^^^^^^^^^^^
  File "C:\Users\29325\AppData\Local\Programs\Python\Python313\Lib\site-packages\selenium\webdriver\remote\webdriver.py", line 458, in execute
    self.error_handler.check_response(response)
    ~~~~~~~~~~~~~~~~~~~~~~~~~~~~~~~~~^^^^^^^^^^
  File "C:\Users\29325\AppData\Local\Programs\Python\Python313\Lib\site-packages\selenium\webdriver\remote\errorhandler.py", line 233, in check_response
    raise exception_class(message, screen, stacktrace)
selenium.common.exceptions.ElementClickInterceptedException: Message: element click intercepted: Element <div class="el-submenu__title" style="padding-left: 20px; color: rgb(191, 203, 217); background-color: rgb(26, 31, 46);">...</div> is not clickable at point (100, 116). Other element would receive the click: <div class="el-dialog__wrapper" style="z-index: 2001;">...</div>
  (Session info: chrome=148.0.7778.97); For documentation on this error, please visit: https://www.selenium.dev/documentation/webdriver/troubleshooting/errors#elementclickinterceptedexception
Stacktrace:
	chromedriver!GetHandleVerifier [0x7ff76df37de5+14895]
	chromedriver!GetHandleVerifier [0x7ff76df37e50+14900]
	chromedriver!(No symbol) [0x7ff76dc9d5ad]
	chromedriver!(No symbol) [0x7ff76dcff3b5]
	chromedriver!(No symbol) [0x7ff76dcfcfca]
	chromedriver!(No symbol) [0x7ff76dcfa307]
	chromedriver!(No symbol) [0x7ff76dcf91b7]
	chromedriver!(No symbol) [0x7ff76dcebce6]
	chromedriver!(No symbol) [0x7ff76dd2005a]
	chromedriver!(No symbol) [0x7ff76dceb566]
	chromedriver!(No symbol) [0x7ff76dd4486f]
	chromedriver!(No symbol) [0x7ff76dce9df8]
	chromedriver!(No symbol) [0x7ff76dceace3]
	chromedriver!GetHandleVerifier [0x7ff76e24cc49+3296f9]
	chromedriver!GetHandleVerifier [0x7ff76e247375+323e25]
	chromedriver!GetHandleVerifier [0x7ff76e26bc82+348732]
	chromedriver!GetHandleVerifier [0x7ff76df56045+32af5]
	chromedriver!GetHandleVerifier [0x7ff76df5ecec+3b79c]
	chromedriver!GetHandleVerifier [0x7ff76df41bc4+1e674]
	chromedriver!GetHandleVerifier [0x7ff76df41d54+1e804]
	chromedriver!GetHandleVerifier [0x7ff76df260e7+2b97]
	KERNEL32!BaseThreadInitThunk [0x7ff9485be957+17]
	ntdll!RtlUserThreadStart [0x7ff9491a7c1c+2c]

